
> vitta-monorepo@1.0.0 build
> turbo run build

node.exe : ÔÇó turbo 2.8.20
No linha:1 caractere:1
+ & "C:\Program Files\nodejs/node.exe" "C:\Program Files\nodejs/node_mo ...
+ ~~~~~~~~~~~~~~~~~~~~~~~~~~~~~~~~~~~~~~~~~~~~~~~~~~~~~~~~~~~~~~~~~~~~~
    + CategoryInfo          : NotSpecified: (ÔÇó turbo 2.8.20:String) [], RemoteException
    + FullyQualifiedErrorId : NativeCommandError
 

   ÔÇó Packages in scope: @vitta/config, @vitta/database, @vitta/job-cleanup, @vitta/job-emails, @vitta/job-reports, @vitta/model-order, @vitta/model-product, @vitta/model-user, @vitta/service-analytics, @vitta/service-auth, @vitta/service-payment, @vitta/ui, @vitta/utils, backend, frontend
   ÔÇó Running build in 15 packages
   ÔÇó Remote caching disabled

backend:build: cache miss, executing 9188f58fa62ecb30
frontend:build: cache miss, executing 7fdb67d75e1734f0
frontend:build: 
frontend:build: > frontend@0.1.0 build
frontend:build: > next build
frontend:build: 
backend:build: 
backend:build: > backend@1.0.0 build
backend:build: > tsc
backend:build: 
frontend:build:   Ôû▓ Next.js 14.2.35
frontend:build:   - Environments: .env.local
frontend:build: 
frontend:build:    Creating an optimized production build ...
frontend:build:  ÔÜá For production Image Optimization with Next.js, the optional 'sharp' package is strongly recommended. Run 'npm i sharp', and Next.js will use it automatically for Image Optimization.
frontend:build: Read more: https://nextjs.org/docs/messages/sharp-missing-in-production
frontend:build: Failed to compile.
frontend:build: 
frontend:build: ./src/hooks/use-scroll-reveal.ts
frontend:build: Error: 
frontend:build:   [31mx[0m You're importing a component that needs useEffect. It only works in a Client Component but none of its parents are marked with "use client", so they're Server Components by default.
frontend:build:   [31m|[0m Learn more: https://nextjs.org/docs/getting-started/react-essentials
frontend:build:   [31m|[0m 
frontend:build:   [31m|[0m 
frontend:build:    ,-[[36;1;4mC:\Users\caiul\OneDrive\Documentos\projetos\site_project\vitta\apps\frontend\src\hooks\use-scroll-reveal.ts[0m:1:1]
frontend:build:  [2m1[0m | import { useEffect, useRef, useState } from "react";
frontend:build:    : [31;1m         ^^^^^^^^^[0m
frontend:build:  [2m2[0m | 
frontend:build:  [2m3[0m | export function useScrollReveal(threshold = 0.2) {
frontend:build:  [2m3[0m |   const ref = useRef<HTMLDivElement>(null);
frontend:build:    `----
frontend:build: 
frontend:build:   [31mx[0m You're importing a component that needs useRef. It only works in a Client Component but none of its parents are marked with "use client", so they're Server Components by default.
frontend:build:   [31m|[0m Learn more: https://nextjs.org/docs/getting-started/react-essentials
frontend:build:   [31m|[0m 
frontend:build:   [31m|[0m 
frontend:build:    ,-[[36;1;4mC:\Users\caiul\OneDrive\Documentos\projetos\site_project\vitta\apps\frontend\src\hooks\use-scroll-reveal.ts[0m:1:1]
frontend:build:  [2m1[0m | import { useEffect, useRef, useState } from "react";
frontend:build:    : [31;1m                    ^^^^^^[0m
frontend:build:  [2m2[0m | 
frontend:build:  [2m3[0m | export function useScrollReveal(threshold = 0.2) {
frontend:build:  [2m3[0m |   const ref = useRef<HTMLDivElement>(null);
frontend:build:    `----
frontend:build: 
frontend:build:   [31mx[0m You're importing a component that needs useState. It only works in a Client Component but none of its parents are marked with "use client", so they're Server Components by default.
frontend:build:   [31m|[0m Learn more: https://nextjs.org/docs/getting-started/react-essentials
frontend:build:   [31m|[0m 
frontend:build:   [31m|[0m 
frontend:build:    ,-[[36;1;4mC:\Users\caiul\OneDrive\Documentos\projetos\site_project\vitta\apps\frontend\src\hooks\use-scroll-reveal.ts[0m:1:1]
frontend:build:  [2m1[0m | import { useEffect, useRef, useState } from "react";
frontend:build:    : [31;1m                            ^^^^^^^^[0m
frontend:build:  [2m2[0m | 
frontend:build:  [2m3[0m | export function useScrollReveal(threshold = 0.2) {
frontend:build:  [2m3[0m |   const ref = useRef<HTMLDivElement>(null);
frontend:build:    `----
frontend:build: 
frontend:build: Import trace for requested module:
frontend:build: ./src/hooks/use-scroll-reveal.ts
frontend:build: ./src/components/AboutSection.tsx
frontend:build: ./src/app/page.tsx
frontend:build: 
frontend:build: 
frontend:build: > Build failed because of webpack errors
frontend:build: npm error Lifecycle script `build` failed with error:
frontend:build: npm error code 1
frontend:build: npm error path C:\Users\caiul\OneDrive\Documentos\projetos\site_project\vitta\apps\frontend
frontend:build: npm error workspace frontend@0.1.0
frontend:build: npm error location C:\Users\caiul\OneDrive\Documentos\projetos\site_project\vitta\apps\frontend
frontend:build: npm error command failed
frontend:build: npm error command C:\WINDOWS\system32\cmd.exe /d /s /c next build
 ERROR  frontend#build: command (C:\Users\caiul\OneDrive\Documentos\projetos\site_project\vitta\apps\frontend) C:\Program Files\nodejs\npm.cmd run build exited (1)

 Tasks:    1 successful, 2 total
Cached:    0 cached, 2 total
  Time:    17.378s 
Failed:    frontend#build

 ERROR  run failed: command  exited (1)
